
=== home — GET http://localhost:3000/ | 15s @ 20 conns ===
npm warn deprecated uuid@8.3.2: uuid@10 and below is no longer supported.  For ESM codebases, update to uuid@latest.  For CommonJS codebases, use uuid@11 (but be aware this version will likely be deprecated in 2028).
Running 15s test @ http://localhost:3000/
20 connections


┌─────────┬─────────┬─────────┬─────────┬─────────┬───────────┬───────────┬─────────┐
│ Stat    │ 2.5%    │ 50%     │ 97.5%   │ 99%     │ Avg       │ Stdev     │ Max     │
├─────────┼─────────┼─────────┼─────────┼─────────┼───────────┼───────────┼─────────┤
│ Latency │ 2107 ms │ 3998 ms │ 4185 ms │ 4775 ms │ 3812.8 ms │ 556.09 ms │ 4775 ms │
└─────────┴─────────┴─────────┴─────────┴─────────┴───────────┴───────────┴─────────┘
┌───────────┬─────┬──────┬────────┬────────┬────────┬────────┬─────────┐
│ Stat      │ 1%  │ 2.5% │ 50%    │ 97.5%  │ Avg    │ Stdev  │ Min     │
├───────────┼─────┼──────┼────────┼────────┼────────┼────────┼─────────┤
│ Req/Sec   │ 0   │ 0    │ 3      │ 9      │ 4.27   │ 3.22   │ 1       │
├───────────┼─────┼──────┼────────┼────────┼────────┼────────┼─────────┤
│ Bytes/Sec │ 0 B │ 0 B  │ 278 kB │ 833 kB │ 395 kB │ 297 kB │ 92.5 kB │
└───────────┴─────┴──────┴────────┴────────┴────────┴────────┴─────────┘
┌──────┬───────┐
│ Code │ Count │
├──────┼───────┤
│ 200  │ 64    │
└──────┴───────┘

Req/Bytes counts sampled once per second.
# of samples: 15

84 requests in 15.05s, 5.92 MB read

=== browseFleet — GET http://localhost:3000/BrowseFleet | 15s @ 20 conns ===
Running 15s test @ http://localhost:3000/BrowseFleet
20 connections


┌─────────┬─────────┬─────────┬─────────┬─────────┬────────────┬───────────┬─────────┐
│ Stat    │ 2.5%    │ 50%     │ 97.5%   │ 99%     │ Avg        │ Stdev     │ Max     │
├─────────┼─────────┼─────────┼─────────┼─────────┼────────────┼───────────┼─────────┤
│ Latency │ 2204 ms │ 2999 ms │ 3341 ms │ 3847 ms │ 2899.73 ms │ 359.95 ms │ 3847 ms │
└─────────┴─────────┴─────────┴─────────┴─────────┴────────────┴───────────┴─────────┘
┌───────────┬─────┬──────┬─────────┬─────────┬────────┬────────┬────────┐
│ Stat      │ 1%  │ 2.5% │ 50%     │ 97.5%   │ Avg    │ Stdev  │ Min    │
├───────────┼─────┼──────┼─────────┼─────────┼────────┼────────┼────────┤
│ Req/Sec   │ 0   │ 0    │ 9       │ 17      │ 6.47   │ 5.87   │ 5      │
├───────────┼─────┼──────┼─────────┼─────────┼────────┼────────┼────────┤
│ Bytes/Sec │ 0 B │ 0 B  │ 1.09 MB │ 2.06 MB │ 782 kB │ 709 kB │ 604 kB │
└───────────┴─────┴──────┴─────────┴─────────┴────────┴────────┴────────┘
┌──────┬───────┐
│ Code │ Count │
├──────┼───────┤
│ 200  │ 97    │
└──────┴───────┘

Req/Bytes counts sampled once per second.
# of samples: 15

117 requests in 15.08s, 11.7 MB read

=== carParts — GET http://localhost:3000/CarParts | 15s @ 20 conns ===
Running 15s test @ http://localhost:3000/CarParts
20 connections


┌─────────┬─────────┬─────────┬─────────┬─────────┬────────────┬───────────┬─────────┐
│ Stat    │ 2.5%    │ 50%     │ 97.5%   │ 99%     │ Avg        │ Stdev     │ Max     │
├─────────┼─────────┼─────────┼─────────┼─────────┼────────────┼───────────┼─────────┤
│ Latency │ 1379 ms │ 2047 ms │ 2878 ms │ 2892 ms │ 2110.65 ms │ 299.12 ms │ 2904 ms │
└─────────┴─────────┴─────────┴─────────┴─────────┴────────────┴───────────┴─────────┘
┌───────────┬─────┬──────┬─────────┬─────────┬─────────┬────────┬────────┐
│ Stat      │ 1%  │ 2.5% │ 50%     │ 97.5%   │ Avg     │ Stdev  │ Min    │
├───────────┼─────┼──────┼─────────┼─────────┼─────────┼────────┼────────┤
│ Req/Sec   │ 0   │ 0    │ 8       │ 20      │ 8.81    │ 6.7    │ 2      │
├───────────┼─────┼──────┼─────────┼─────────┼─────────┼────────┼────────┤
│ Bytes/Sec │ 0 B │ 0 B  │ 1.01 MB │ 2.51 MB │ 1.11 MB │ 841 kB │ 251 kB │
└───────────┴─────┴──────┴─────────┴─────────┴─────────┴────────┴────────┘
┌──────┬───────┐
│ Code │ Count │
├──────┼───────┤
│ 200  │ 132   │
└──────┴───────┘

Req/Bytes counts sampled once per second.
# of samples: 15

152 requests in 15.05s, 16.6 MB read

=== services — GET http://localhost:3000/Services | 15s @ 20 conns ===
Running 15s test @ http://localhost:3000/Services
20 connections


┌─────────┬─────────┬─────────┬─────────┬─────────┬────────────┬───────────┬─────────┐
│ Stat    │ 2.5%    │ 50%     │ 97.5%   │ 99%     │ Avg        │ Stdev     │ Max     │
├─────────┼─────────┼─────────┼─────────┼─────────┼────────────┼───────────┼─────────┤
│ Latency │ 2169 ms │ 3925 ms │ 4170 ms │ 4176 ms │ 3657.95 ms │ 536.15 ms │ 4176 ms │
└─────────┴─────────┴─────────┴─────────┴─────────┴────────────┴───────────┴─────────┘
┌───────────┬─────┬──────┬────────┬─────────┬────────┬────────┬─────────┐
│ Stat      │ 1%  │ 2.5% │ 50%    │ 97.5%   │ Avg    │ Stdev  │ Min     │
├───────────┼─────┼──────┼────────┼─────────┼────────┼────────┼─────────┤
│ Req/Sec   │ 0   │ 0    │ 3      │ 13      │ 4.87   │ 4.45   │ 1       │
├───────────┼─────┼──────┼────────┼─────────┼────────┼────────┼─────────┤
│ Bytes/Sec │ 0 B │ 0 B  │ 250 kB │ 1.09 MB │ 406 kB │ 371 kB │ 83.4 kB │
└───────────┴─────┴──────┴────────┴─────────┴────────┴────────┴─────────┘
┌──────┬───────┐
│ Code │ Count │
├──────┼───────┤
│ 200  │ 73    │
└──────┴───────┘

Req/Bytes counts sampled once per second.
# of samples: 15

93 requests in 15.03s, 6.09 MB read

=== apiAbout — GET http://localhost:3000/api/about | 15s @ 20 conns ===
Running 15s test @ http://localhost:3000/api/about
20 connections


┌─────────┬─────────┬─────────┬─────────┬─────────┬────────────┬───────────┬─────────┐
│ Stat    │ 2.5%    │ 50%     │ 97.5%   │ 99%     │ Avg        │ Stdev     │ Max     │
├─────────┼─────────┼─────────┼─────────┼─────────┼────────────┼───────────┼─────────┤
│ Latency │ 2086 ms │ 2940 ms │ 4276 ms │ 5140 ms │ 3047.36 ms │ 764.87 ms │ 5140 ms │
└─────────┴─────────┴─────────┴─────────┴─────────┴────────────┴───────────┴─────────┘
┌───────────┬─────┬──────┬─────────┬────────┬─────────┬─────────┬─────────┐
│ Stat      │ 1%  │ 2.5% │ 50%     │ 97.5%  │ Avg     │ Stdev   │ Min     │
├───────────┼─────┼──────┼─────────┼────────┼─────────┼─────────┼─────────┤
│ Req/Sec   │ 0   │ 0    │ 1       │ 19     │ 5.47    │ 7.34    │ 1       │
├───────────┼─────┼──────┼─────────┼────────┼─────────┼─────────┼─────────┤
│ Bytes/Sec │ 0 B │ 0 B  │ 5.74 kB │ 109 kB │ 31.4 kB │ 42.1 kB │ 5.74 kB │
└───────────┴─────┴──────┴─────────┴────────┴─────────┴─────────┴─────────┘
┌──────┬───────┐
│ Code │ Count │
├──────┼───────┤
│ 200  │ 82    │
└──────┴───────┘

Req/Bytes counts sampled once per second.
# of samples: 15

102 requests in 15.04s, 471 kB read

=== apiBusinessInfo — GET http://localhost:3000/api/businessinfo | 15s @ 20 conns ===
Running 15s test @ http://localhost:3000/api/businessinfo
20 connections


┌─────────┬─────────┬─────────┬─────────┬─────────┬────────────┬───────────┬─────────┐
│ Stat    │ 2.5%    │ 50%     │ 97.5%   │ 99%     │ Avg        │ Stdev     │ Max     │
├─────────┼─────────┼─────────┼─────────┼─────────┼────────────┼───────────┼─────────┤
│ Latency │ 1172 ms │ 1963 ms │ 2069 ms │ 2072 ms │ 1810.88 ms │ 324.78 ms │ 2079 ms │
└─────────┴─────────┴─────────┴─────────┴─────────┴────────────┴───────────┴─────────┘
┌───────────┬─────────┬─────────┬─────────┬────────┬─────────┬─────────┬─────────┐
│ Stat      │ 1%      │ 2.5%    │ 50%     │ 97.5%  │ Avg     │ Stdev   │ Min     │
├───────────┼─────────┼─────────┼─────────┼────────┼─────────┼─────────┼─────────┤
│ Req/Sec   │ 1       │ 1       │ 11      │ 19     │ 10.34   │ 4.99    │ 1       │
├───────────┼─────────┼─────────┼─────────┼────────┼─────────┼─────────┼─────────┤
│ Bytes/Sec │ 5.63 kB │ 5.63 kB │ 61.9 kB │ 107 kB │ 58.1 kB │ 28.1 kB │ 5.63 kB │
└───────────┴─────────┴─────────┴─────────┴────────┴─────────┴─────────┴─────────┘
┌──────┬───────┐
│ Code │ Count │
├──────┼───────┤
│ 200  │ 155   │
└──────┴───────┘

Req/Bytes counts sampled once per second.
# of samples: 15

175 requests in 15.04s, 872 kB read

=== apiCarParts — GET http://localhost:3000/api/carparts | 15s @ 20 conns ===
Running 15s test @ http://localhost:3000/api/carparts
20 connections


┌─────────┬───────┬────────┬────────┬────────┬───────────┬───────────┬─────────┐
│ Stat    │ 2.5%  │ 50%    │ 97.5%  │ 99%    │ Avg       │ Stdev     │ Max     │
├─────────┼───────┼────────┼────────┼────────┼───────────┼───────────┼─────────┤
│ Latency │ 89 ms │ 101 ms │ 914 ms │ 927 ms │ 388.05 ms │ 366.74 ms │ 1262 ms │
└─────────┴───────┴────────┴────────┴────────┴───────────┴───────────┴─────────┘
┌───────────┬────────┬────────┬────────┬────────┬────────┬────────┬────────┐
│ Stat      │ 1%     │ 2.5%   │ 50%    │ 97.5%  │ Avg    │ Stdev  │ Min    │
├───────────┼────────┼────────┼────────┼────────┼────────┼────────┼────────┤
│ Req/Sec   │ 16     │ 16     │ 52     │ 58     │ 50     │ 9.56   │ 16     │
├───────────┼────────┼────────┼────────┼────────┼────────┼────────┼────────┤
│ Bytes/Sec │ 233 kB │ 233 kB │ 758 kB │ 845 kB │ 728 kB │ 139 kB │ 233 kB │
└───────────┴────────┴────────┴────────┴────────┴────────┴────────┴────────┘
┌──────┬───────┐
│ Code │ Count │
├──────┼───────┤
│ 200  │ 750   │
└──────┴───────┘

Req/Bytes counts sampled once per second.
# of samples: 15

770 requests in 15.05s, 10.9 MB read

=== apiCarPartsBrand — GET http://localhost:3000/api/carparts?brand=Ford | 15s @ 20 conns ===
Running 15s test @ http://localhost:3000/api/carparts?brand=Ford
20 connections


┌─────────┬───────┬───────┬────────┬────────┬───────────┬───────────┬────────┐
│ Stat    │ 2.5%  │ 50%   │ 97.5%  │ 99%    │ Avg       │ Stdev     │ Max    │
├─────────┼───────┼───────┼────────┼────────┼───────────┼───────────┼────────┤
│ Latency │ 83 ms │ 98 ms │ 926 ms │ 935 ms │ 363.68 ms │ 362.84 ms │ 938 ms │
└─────────┴───────┴───────┴────────┴────────┴───────────┴───────────┴────────┘
┌───────────┬─────────┬─────────┬─────────┬─────────┬─────────┬─────────┬─────────┐
│ Stat      │ 1%      │ 2.5%    │ 50%     │ 97.5%   │ Avg     │ Stdev   │ Min     │
├───────────┼─────────┼─────────┼─────────┼─────────┼─────────┼─────────┼─────────┤
│ Req/Sec   │ 40      │ 40      │ 52      │ 60      │ 52.14   │ 4.43    │ 40      │
├───────────┼─────────┼─────────┼─────────┼─────────┼─────────┼─────────┼─────────┤
│ Bytes/Sec │ 22.2 kB │ 22.2 kB │ 28.9 kB │ 33.3 kB │ 28.9 kB │ 2.46 kB │ 22.2 kB │
└───────────┴─────────┴─────────┴─────────┴─────────┴─────────┴─────────┴─────────┘
┌──────┬───────┐
│ Code │ Count │
├──────┼───────┤
│ 200  │ 782   │
└──────┴───────┘

Req/Bytes counts sampled once per second.
# of samples: 15

802 requests in 15.05s, 434 kB read

=== sitemap — GET http://localhost:3000/sitemap.xml | 15s @ 20 conns ===
Running 15s test @ http://localhost:3000/sitemap.xml
20 connections


┌─────────┬──────┬──────┬───────┬───────┬─────────┬─────────┬───────┐
│ Stat    │ 2.5% │ 50%  │ 97.5% │ 99%   │ Avg     │ Stdev   │ Max   │
├─────────┼──────┼──────┼───────┼───────┼─────────┼─────────┼───────┤
│ Latency │ 3 ms │ 3 ms │ 8 ms  │ 10 ms │ 3.79 ms │ 1.69 ms │ 45 ms │
└─────────┴──────┴──────┴───────┴───────┴─────────┴─────────┴───────┘
┌───────────┬─────────┬─────────┬─────────┬─────────┬──────────┬─────────┬─────────┐
│ Stat      │ 1%      │ 2.5%    │ 50%     │ 97.5%   │ Avg      │ Stdev   │ Min     │
├───────────┼─────────┼─────────┼─────────┼─────────┼──────────┼─────────┼─────────┤
│ Req/Sec   │ 4,039   │ 4,039   │ 4,571   │ 4,987   │ 4,589.27 │ 246.59  │ 4,039   │
├───────────┼─────────┼─────────┼─────────┼─────────┼──────────┼─────────┼─────────┤
│ Bytes/Sec │ 59.4 MB │ 59.4 MB │ 67.2 MB │ 73.3 MB │ 67.4 MB  │ 3.62 MB │ 59.3 MB │
└───────────┴─────────┴─────────┴─────────┴─────────┴──────────┴─────────┴─────────┘
┌──────┬───────┐
│ Code │ Count │
├──────┼───────┤
│ 200  │ 68826 │
└──────┴───────┘

Req/Bytes counts sampled once per second.
# of samples: 15

69k requests in 15.01s, 1.01 GB read

=== robots — GET http://localhost:3000/robots.txt | 15s @ 20 conns ===
Running 15s test @ http://localhost:3000/robots.txt
20 connections


┌─────────┬──────┬──────┬───────┬──────┬─────────┬─────────┬───────┐
│ Stat    │ 2.5% │ 50%  │ 97.5% │ 99%  │ Avg     │ Stdev   │ Max   │
├─────────┼──────┼──────┼───────┼──────┼─────────┼─────────┼───────┤
│ Latency │ 3 ms │ 3 ms │ 8 ms  │ 9 ms │ 3.79 ms │ 1.62 ms │ 35 ms │
└─────────┴──────┴──────┴───────┴──────┴─────────┴─────────┴───────┘
┌───────────┬────────┬────────┬────────┬─────────┬──────────┬─────────┬────────┐
│ Stat      │ 1%     │ 2.5%   │ 50%    │ 97.5%   │ Avg      │ Stdev   │ Min    │
├───────────┼────────┼────────┼────────┼─────────┼──────────┼─────────┼────────┤
│ Req/Sec   │ 4,331  │ 4,331  │ 4,607  │ 4,775   │ 4,589.74 │ 134.53  │ 4,328  │
├───────────┼────────┼────────┼────────┼─────────┼──────────┼─────────┼────────┤
│ Bytes/Sec │ 3.1 MB │ 3.1 MB │ 3.3 MB │ 3.42 MB │ 3.29 MB  │ 96.2 kB │ 3.1 MB │
└───────────┴────────┴────────┴────────┴─────────┴──────────┴─────────┴────────┘
┌──────┬───────┐
│ Code │ Count │
├──────┼───────┤
│ 200  │ 68839 │
└──────┴───────┘

Req/Bytes counts sampled once per second.
# of samples: 15

69k requests in 15.01s, 49.3 MB read

=== CSV summary ===
scenario,req_per_sec,latency_p50_ms,latency_p95_ms,latency_p99_ms,errors,non2xx
home,?,?,?,?,0,0
browseFleet,?,?,?,?,0,0
carParts,?,?,?,?,0,0
services,?,?,?,?,0,0
apiAbout,?,?,?,?,0,0
apiBusinessInfo,?,?,?,?,0,0
apiCarParts,?,?,?,?,0,0
apiCarPartsBrand,?,?,?,?,0,0
sitemap,?,?,?,?,0,0
robots,?,?,?,?,0,0
